{
  "AllAccessPermissionRules": {
    "rules": [
      {
        "ACL": {
          "ACCESS": "ALLOW",
          "ATTRIBUTES": [
            {
              "Kind": "GLOBAL",
              "Value": "ANONYMOUS"
            }
          ],
          "RIGHTS": [
            "READ",
            "UPDATE"
          ]
        },
        "FORMULA": {
          "$and": [
            {
              "$boolean": true
            },
            {
              "$eq": [
                {
                  "$numVal": 1
                },
                {
                  "$numVal": 1
                }
              ]
            }
          ]
        },
        "OBJECTS": [
          {}
        ]
      }
    ]
  }
}
